gthr-default.h:229:1:int __gthread_key_delete(__gthread_key_t)	16	static
RJA_SSD1306.cpp:12:1:OLED::OLED()	16	static
RJA_SSD1306.cpp:18:1:OLED::~OLED()	16	static
RJA_SSD1306.cpp:18:1:virtual OLED::~OLED()	16	static
RJA_SSD1306.cpp:23:6:void OLED::init(I2C_HandleTypeDef*)	40	static
RJA_SSD1306.cpp:74:6:void OLED::drawFullscreen()	56	static
RJA_SSD1306.cpp:96:6:void OLED::drawFullscreen(bool (*)[64])	24	static
RJA_SSD1306.cpp:111:6:void OLED::setContrast(uint8_t)	32	static
RJA_SSD1306.cpp:122:6:void OLED::inverseDisplay(bool)	32	static
RJA_SSD1306.cpp:137:9:uint8_t OLED::getCAddress()	16	static
RJA_SSD1306.cpp:142:9:uint8_t OLED::getDAddress()	16	static
RJA_SSD1306.cpp:147:6:void OLED::pixel(int, int, bool, bool)	24	static
RJA_SSD1306.cpp:159:6:void OLED::pixels3V(int, int, bool, bool)	32	static
RJA_SSD1306.cpp:166:6:void OLED::pixels3H(int, int, bool, bool)	32	static
RJA_SSD1306.cpp:174:6:void OLED::line(int, int, int, int, bool, bool)	56	static
RJA_SSD1306.cpp:223:6:void OLED::line(int, int, int, int, bool, int)	96	static
RJA_SSD1306.cpp:297:6:void OLED::fastHLine(int, int, int, bool)	40	static
RJA_SSD1306.cpp:301:6:void OLED::fastVLine(int, int, int, bool)	40	static
RJA_SSD1306.cpp:306:6:void OLED::triangle(int, int, int, int, int, int, bool)	40	static
RJA_SSD1306.cpp:312:6:void OLED::triangle(int, int, int, int, int, int, bool, int)	40	static
RJA_SSD1306.cpp:319:6:void OLED::fillTriangle(int, int, int, int, int, int, bool)	80	static
RJA_SSD1306.cpp:394:6:void OLED::circle(int, int, int, bool)	56	static
RJA_SSD1306.cpp:429:6:void OLED::circle(int, int, int, bool, int)	40	static
RJA_SSD1306.cpp:452:6:void OLED::thiccCircle(int, int, int, bool)	56	static
RJA_SSD1306.cpp:504:6:void OLED::fillCircle(int, int, int, bool)	40	static
RJA_SSD1306.cpp:509:6:void OLED::fillCircleHelper(int, int, int, int, int, bool)	56	static
RJA_SSD1306.cpp:542:6:void OLED::rectangle(int, int, int, int, bool)	48	static
RJA_SSD1306.cpp:552:6:void OLED::rectangle(int, int, int, int, bool, int)	48	static
RJA_SSD1306.cpp:563:6:void OLED::fillRect(int, int, int, int, bool)	32	static
RJA_SSD1306.cpp:568:6:void OLED::connectPoints(int*, int*, int, bool)	56	static
RJA_SSD1306.cpp:575:6:void OLED::connectPoints(int*, int*, int, bool, int)	56	static
RJA_SSD1306.cpp:583:6:void OLED::polygon(int*, int*, int, bool)	48	static
RJA_SSD1306.cpp:588:6:void OLED::polygon(int*, int*, int, bool, int)	48	static
RJA_SSD1306.cpp:594:6:void OLED::fill(bool)	32	static
RJA_SSD1306.cpp:604:6:void OLED::fill(int, int, int, int, bool)	40	static
RJA_SSD1306.cpp:615:6:void OLED::invert()	32	static
RJA_SSD1306.cpp:625:6:void OLED::invert(int, int, int, int)	40	static
RJA_SSD1306.cpp:636:6:void OLED::character(int, int, unsigned char, bool, bool, int)	48	static
RJA_SSD1306.cpp:684:6:void OLED::text(int, int, std::__cxx11::string, bool, bool, int)	56	static
