gthr-default.h:229:1:int __gthread_key_delete(__gthread_key_t)	16	static
main.cpp:93:6:void HAL_ADC_ConvHalfCpltCallback(ADC_HandleTypeDef*)	16	static
main.cpp:100:6:void HAL_ADC_ConvCpltCallback(ADC_HandleTypeDef*)	16	static
main.cpp:106:6:void effectsDSP()	24	static
main.cpp:140:6:long int map(long int, long int, long int, long int, long int)	24	static
main.cpp:159:5:int main()	112	static
main.cpp:245:6:void SystemClock_Config()	88	static
main.cpp:289:13:void MX_ADC1_Init()	24	static
main.cpp:339:13:void MX_DAC_Init()	16	static
main.cpp:377:13:void MX_I2C1_Init()	8	static
main.cpp:411:13:void MX_TIM2_Init()	32	static
main.cpp:456:13:void MX_USART2_UART_Init()	8	static
main.cpp:487:13:void MX_DMA_Init()	16	static
main.cpp:509:13:void MX_GPIO_Init()	48	static
main.cpp:538:6:void splash_screen_OLED(OLED)	16	static
main.cpp:549:6:void Error_Handler()	4	static
main.cpp:555:1:void __static_initialization_and_destruction_0(int, int)	16	static
main.cpp:555:1:cpp)	8	static
main.cpp:555:1:cpp)	8	static
