gthr-default.h:229:1:int __gthread_key_delete(__gthread_key_t)	16	static
basic_string.h:6405:3:std::__cxx11::string std::__cxx11::to_string(int)	24	static
main.cpp:94:6:void HAL_ADC_ConvHalfCpltCallback(ADC_HandleTypeDef*)	16	static
main.cpp:101:6:void HAL_ADC_ConvCpltCallback(ADC_HandleTypeDef*)	16	static
main.cpp:117:6:long int map(long int, long int, long int, long int, long int)	24	static
main.cpp:128:10:uint32_t mapval(uint32_t, uint32_t, uint32_t, uint32_t, uint32_t, uint32_t)	40	static
main.cpp:139:6:void effectsDSP()	40	static
main.cpp:174:5:int main()	256	static
main.cpp:291:6:void SystemClock_Config()	88	static
main.cpp:335:13:void MX_ADC1_Init()	24	static
main.cpp:385:13:void MX_DAC_Init()	16	static
main.cpp:423:13:void MX_I2C1_Init()	8	static
main.cpp:457:13:void MX_TIM2_Init()	32	static
main.cpp:502:13:void MX_USART2_UART_Init()	8	static
main.cpp:533:13:void MX_DMA_Init()	16	static
main.cpp:555:13:void MX_GPIO_Init()	48	static
main.cpp:590:6:void splash_screen_OLED(OLED)	16	static
main.cpp:601:6:void Error_Handler()	4	static
string_conversions.h:99:5:) [with _String = std::__cxx11::basic_string<char>; _CharT = char]	52	dynamic
basic_string.h:5968:5:std::__cxx11::basic_string<_CharT, _Traits, _Alloc> std::operator+(const _CharT*, std::__cxx11::basic_string<_CharT, _Traits, _Alloc>&&) [with _CharT = char; _Traits = std::char_traits<char>; _Alloc = std::allocator<char>]	24	static
basic_string.h:604:9:std::__cxx11::basic_string<_CharT, _Traits, _Alloc>::basic_string(_InputIterator, _InputIterator, const _Alloc&) [with _InputIterator = char*; <template-parameter-2-2> = void; _CharT = char; _Traits = std::char_traits<char>; _Alloc = std::allocator<char>]	32	static
move.h:98:5:constexpr typename std::remove_reference< <template-parameter-1-1> >::type&& std::move(_Tp&&) [with _Tp = std::__cxx11::basic_string<char>&]	16	static
basic_string.h:252:9:void std::__cxx11::basic_string<_CharT, _Traits, _Alloc>::_M_construct(_InIterator, _InIterator) [with _InIterator = char*; _CharT = char; _Traits = std::char_traits<char>; _Alloc = std::allocator<char>]	32	static
basic_string.h:232:9:void std::__cxx11::basic_string<_CharT, _Traits, _Alloc>::_M_construct_aux(_InIterator, _InIterator, std::__false_type) [with _InIterator = char*; _CharT = char; _Traits = std::char_traits<char>; _Alloc = std::allocator<char>]	40	static
basic_string.tcc:206:7:void std::__cxx11::basic_string<_CharT, _Traits, _Alloc>::_M_construct(_InIterator, _InIterator, std::forward_iterator_tag) [with _FwdIterator = char*; _CharT = char; _Traits = std::char_traits<char>; _Alloc = std::allocator<char>]	32	static
type_traits.h:152:5:bool __gnu_cxx::__is_null_pointer(_Type*) [with _Type = char]	16	static
stl_iterator_base_types.h:205:5:constexpr typename std::iterator_traits<_Iterator>::iterator_category std::__iterator_category(const _Iter&) [with _Iter = char*]	16	static
stl_iterator_base_funcs.h:138:5:typename std::iterator_traits<_Iterator>::difference_type std::distance(_InputIterator, _InputIterator) [with _InputIterator = char*]	32	static
stl_iterator_base_funcs.h:98:5:constexpr typename std::iterator_traits<_Iterator>::difference_type std::__distance(_RandomAccessIterator, _RandomAccessIterator, std::random_access_iterator_tag) [with _RandomAccessIterator = char*]	24	static
main.cpp:607:1:void __static_initialization_and_destruction_0(int, int)	16	static
main.cpp:607:1:cpp)	8	static
main.cpp:607:1:cpp)	8	static
